#-----------------------------------------------------------
# Vivado v2018.2 (64-bit)
# SW Build 2258646 on Thu Jun 14 20:03:12 MDT 2018
# IP Build 2256618 on Thu Jun 14 22:10:49 MDT 2018
# Start of session at: Mon Nov  5 01:18:45 2018
# Process ID: 9300
# Current directory: C:/Users/user/Documents/GitHub/External_hw/hw3/hw/Lab3-2/vivado_prj
# Command line: vivado.exe -gui_launcher_event rodinguilauncherevent2488 C:\Users\user\Documents\GitHub\External_hw\hw3\hw\Lab3-2\vivado_prj\vivado_prj.xpr
# Log file: C:/Users/user/Documents/GitHub/External_hw/hw3/hw/Lab3-2/vivado_prj/vivado.log
# Journal file: C:/Users/user/Documents/GitHub/External_hw/hw3/hw/Lab3-2/vivado_prj\vivado.jou
#-----------------------------------------------------------
start_gui
open_project C:/Users/user/Documents/GitHub/External_hw/hw3/hw/Lab3-2/vivado_prj/vivado_prj.xpr
update_compile_order -fileset sources_1
file copy -force C:/Users/user/Documents/GitHub/External_hw/hw3/hw/Lab3-2/vivado_prj/vivado_prj.runs/impl_1/led_ctrl_wrapper.sysdef C:/Users/user/Documents/GitHub/External_hw/hw3/hw/Lab3-2/vivado_prj/vivado_prj.sdk/led_ctrl_wrapper.hdf

launch_sdk -workspace C:/Users/user/Documents/GitHub/External_hw/hw3/hw/Lab3-2/vivado_prj/vivado_prj.sdk -hwspec C:/Users/user/Documents/GitHub/External_hw/hw3/hw/Lab3-2/vivado_prj/vivado_prj.sdk/led_ctrl_wrapper.hdf
open_bd_design {C:/Users/user/Documents/GitHub/External_hw/hw3/hw/Lab3-2/vivado_prj/vivado_prj.srcs/sources_1/bd/led_ctrl/led_ctrl.bd}
make_wrapper -files [get_files C:/Users/user/Documents/GitHub/External_hw/hw3/hw/Lab3-2/vivado_prj/vivado_prj.srcs/sources_1/bd/led_ctrl/led_ctrl.bd] -top
reset_run synth_1
launch_runs impl_1 -to_step write_bitstream -jobs 4
wait_on_run impl_1
file copy -force C:/Users/user/Documents/GitHub/External_hw/hw3/hw/Lab3-2/vivado_prj/vivado_prj.runs/impl_1/led_ctrl_wrapper.sysdef C:/Users/user/Documents/GitHub/External_hw/hw3/hw/Lab3-2/vivado_prj/vivado_prj.sdk/led_ctrl_wrapper.hdf

launch_sdk -workspace C:/Users/user/Documents/GitHub/External_hw/hw3/hw/Lab3-2/vivado_prj/vivado_prj.sdk -hwspec C:/Users/user/Documents/GitHub/External_hw/hw3/hw/Lab3-2/vivado_prj/vivado_prj.sdk/led_ctrl_wrapper.hdf
launch_sdk -workspace C:/Users/user/Documents/GitHub/External_hw/hw3/hw/Lab3-2/vivado_prj/vivado_prj.sdk -hwspec C:/Users/user/Documents/GitHub/External_hw/hw3/hw/Lab3-2/vivado_prj/vivado_prj.sdk/led_ctrl_wrapper.hdf
